
RajUbuntu@Ubunut:~/RamanRajLearnUbuntu/archive$ unzip -l mycollectivezippedfile.zip 




# To clear the Terminal
 - clear / ctrl+l
 - q  -----> to quit
# To print working directory (path)
    To go to ROOT dir(file system)
        RajUbuntu@Ubunut:~/RamanRajLearnUbuntu/new_directory$ cd /

    RajUbuntu@Ubunut:~/RamanRajLearnUbuntu/new_directory$ pwd
    /home/RajUbuntu/RamanRajLearnUbuntu/new_directory
    
    to go one directory back ---> cd ..
        RajUbuntu@Ubunut:~/RamanRajLearnUbuntu/new_directory$ cd ..
        /home/RajUbuntu/RamanRajLearnUbuntu
    to go inside multiple directory at once
        RajUbuntu@Ubunut:~$ cd RamanRajLearnUbuntu/new_directory/
        RajUbuntu@Ubunut:~/RamanRajLearnUbuntu/new_directory$
    To go multiple directory back at one time 
        RajUbuntu@Ubunut:~/RamanRajLearnUbuntu/new_directory$ cd ../..

    Relative-Path
    
    Absolute Path   --- Full path
#   
To create file
	root@Ubunut:/home/RajUbuntu# touch fil1Touch
To create file      
	root@Ubunut:/home/RajUbuntu# cat>file1

To give all the permission
	root@Ubunut:/home/RajUbuntu# chmod 777 file1Touch
To create directory
	root@Ubunut:/home/RajUbuntu# sudo mkdir RamanRajAdminLearn


Move to home
	root@Ubunut:/home/RajUbuntu# cd ~
	root@Ubunut:~# ls
	snap  vboxpostinstall.sh


--------------------------
Git/GitHub

raman.verma357@gmail.com
Github001!



RajUbuntu@Ubunut:~$ sudo su
root@Ubunut:/home/RajUbuntu#        //now $ changed to #

--------------------------------------------------------------------------------  DATE: 04/07/2025 ---------------------------------------------------
------------------------------------------------------- Learning Linux Commands  ------------------------------------------------------------------------
#who is the current user
RajUbuntu@Ubunut:~$ whoami
RajUbuntu

# Check date
RajUbuntu@Ubunut:~$ date
Mon Apr  7 01:50:25 AM UTC 2025
RajUbuntu@Ubunut:~$ date +%T
01:51:28
RajUbuntu@Ubunut:~$ date +%D
04/07/25

To Check you datetime location
	RajUbuntu@Ubunut:~$ timedatectl
               Local time: Mon 2025-04-07 01:53:34 UTC
           Universal time: Mon 2025-04-07 01:53:34 UTC
                 RTC time: Mon 2025-04-07 01:52:44
                Time zone: Etc/UTC (UTC, +0000)
System clock synchronized: yes
              NTP service: active
          RTC in local TZ: no
# to change date-time location from UTC to IST
	RajUbuntu@Ubunut:~$ sudo timedatectl set-timezone Asia/Kolkata
	[sudo] password for RajUbuntu: 
	RajUbuntu@Ubunut:~$ sudo timedatectl set-ntp true
	
	RajUbuntu@Ubunut:~$ date
	Mon Apr  7 07:25:06 AM IST 2025
	
# to check files in directory
RajUbuntu@Ubunut:~/RamanRajLearnUbuntu$ ls
fileNew02042025  fileNewtouch102042025  Mylearntest.txt  PythonUbuntu
//To check file details + listing
RajUbuntu@Ubunut:~/RamanRajLearnUbuntu$ ls -lt
//to check file details and lisitng + ltr ll show most recent modified at last
RajUbuntu@Ubunut:~/RamanRajLearnUbuntu$ ls -ltr
//To check file details in human readable form
RajUbuntu@Ubunut:~/RamanRajLearnUbuntu$ ls -lh


# To read csv/file
 more test.csv
 less test.csv

# Find in a csv file/file

# To create a file
    RajUbuntu@Ubunut:~/RamanRajLearnUbuntu$ touch newfile_touchp   // Only to create
    vi NewTestFile  // to create and edit in one GO
    nano newFile_withNano (crtl+X to save)

# To delete/remove a file
    RajUbuntu@Ubunut:~/RamanRajLearnUbuntu$ rm newfile_touchp
# To Edit a file in Linux
    nano
    vi
# To create directory
    mkdir directory_name

# To remove directory
# Change path in Linux
    rmdir directory_name   //will work fine for empty directory(rmdir: failed to remove 'new_directory/': Directory not empty)
    rm -rf <dir_name> // ll work for directory with files too
		rm -rf new_directory/
	
    cd  ---> change directory
    
--------------------------------------------------------------------    Date: 08/04/25
# Copy file from one dir to another in Linux/ copy-paste in same directory
	cp commnad ----- cp <filename> <directory path where to copy>
	RajUbuntu@Ubunut:~/RamanRajLearnUbuntu$ cp test.csv new_directory/
	
	Going one directory back(../) and copy file(cp) file name<new_withNano> .(dot denotes current directory)
	RajUbuntu@Ubunut:~/RamanRajLearnUbuntu/new_directory$ cp ../newFile_withNano .
	
	Copy and paste file in same directoty with same content and but different name
	RajUbuntu@Ubunut:~/RamanRajLearnUbuntu/new_directory$ cp test.csv newtest.csv
	
# Cut - Paste file from one folder to another in linux
	mv command will be in use
	RajUbuntu@Ubunut:~/RamanRajLearnUbuntu$ mv fileNewtouch102042025 new_directory/
	
------------------------------------------------------------------  Date: 10/04/25

#Rename file in Linux
	mv <old_filename> <new_filename>

# Read first five lines from a file doc/excel
	RajUbuntu@Ubunut:~/RamanRajLearnUbuntu$ head -5 Mylearntest.txt
	
# To Read last added five lines --
	RajUbuntu@Ubunut:~/RamanRajLearnUbuntu$ tail -5 test.csv
	
# Sorting of a file
	RajUbuntu@Ubunut:~/RamanRajLearnUbuntu$ sort sortfile.txt 
	sorting of a file in reverse order
	RajUbuntu@Ubunut:~/RamanRajLearnUbuntu$ sort -r sortfile.txt 
	-To remove redundant data from a text file - uniq command can be used with the help of pipe
	 pipe is there to combine two commands
	RajUbuntu@Ubunut:~/RamanRajLearnUbuntu$ sort sortfile.txt | uniq



#------------------  Date: 11/04/25
To divide/split file onto multiple file
		RajUbuntu@Ubunut:~/RamanRajLearnUbuntu$ split -l 4 sortfile.txt 
	To search word in a file ---- IMP
		//grep command/	RajUbuntu@Ubunut:~/RamanRajLearnUbuntu$ grep "A" sortfile.txt   ------------> more filters can be applied
	
	To search multiple words from a file
		RajUbuntu@Ubunut:~/RamanRajLearnUbuntu$ egrep "A|B" sortfile.txt  ----- IMP
	
	
---------------------  WILD CARDS In LINUX ----------------------------
# start wildcard * 
To search file --- from the bunch of multiple files 
	RajUbuntu@Ubunut:~/RamanRajLearnUbuntu$ ls x*    // Here file name starting with x will be in output
	RajUbuntu@Ubunut:~/RamanRajLearnUbuntu$ ls xa*
	RajUbuntu@Ubunut:~/RamanRajLearnUbuntu$ ls *.csv  // To search file with specific extension e.g  --- .csv  --- IMP

#{}
	To create multiple files in one go
		touch file{1..10}  -- Imp
		RajUbuntu@Ubunut:~/RamanRajLearnUbuntu/FilesInOneGo$ touch file{1..10}
			o/p RajUbuntu@Ubunut:~/RamanRajLearnUbuntu/FilesInOneGo$ ls
			o/p file1  file10  file2  file3  file4  file5  file6  file7  file8  file9
Date: 12/02/25
shuf
#Count number of lines in a file
	RajUbuntu@Ubunut:~/RamanRajLearnUbuntu$ wc -l test.csv 
	o/p 24125 test.csv
	
	RajUbuntu@Ubunut:~/RamanRajLearnUbuntu$ wc -l sortfile.txt 
	o/p 11 sortfile.txt
# check two files a identical or not
	RajUbuntu@Ubunut:~/RamanRajLearnUbuntu$ cmp xaa xab
	o/p xaa xab differ: byte 1, line 1
	
	RajUbuntu@Ubunut:~/RamanRajLearnUbuntu$ cmp -u xaa xab  // -u for more readability

# find file in a linux
	i. find  ii. locate
	
	find <path> -name <file-name>
	 RajUbuntu@Ubunut:~$ find ./ -name test.csv
	with wildcard/using extension
	 RajUbuntu@Ubunut:~$ find ./ -name *.csv
	 
	locate----  IMP before using locate you should use update db
	RajUbuntu@Ubunut:~$ sudo updatedb
	RajUbuntu@Ubunut:~$ locate test.csv
	RajUbuntu@Ubunut:~$ locate *.csv
	
# To get the history of command --- when and how many times used	
	RajUbuntu@Ubunut:~$ history
	
	To check for specific command
	RajUbuntu@Ubunut:~$ history | grep sort

# To check help and syntax for a command
	e.g for ls command
	ls --help
	ls --help | more
	man ls   // manual, ll open the manual about the command
	
# How to use calculator in LINUX
	bc
	Ctrl+C  //to exist
	then quit

# To check with current calander 
	RajUbuntu@Ubunut:~$ cal
	
	To Check the calander of specific year
	RajUbuntu@Ubunut:~$ cal 2020
	cal jan 2025
	
# To check from how much time your system/server is on/up
	RajUbuntu@Ubunut:~$ uptime
	when up, how many users
	 11:57:20 up  2:04,  1 user,  load average: 0.15, 0.12, 0.15


# To print something on terminal
	RajUbuntu@Ubunut:~$ echo "hello"
	O/p hello

#How to record yours terminal activity in a file
	script
	---------------
		-------------	
		---------
	Then ctrl+d to exit  --- and ll create one typescript file


----------------------------  Date: 15/4/25 ----------------------
# How to create the shortcut/alias of a command
	RajUbuntu@Ubunut:~$ alias z="ls -ltr"   // here now z ll be the shortcut for "ls -ltr". Here the alias created is TEMP, vanished with logout***, To cerate permanent is diff
	RajUbuntu@Ubunut:~$ z
	
# To check the alias created
	RajUbuntu@Ubunut:~$ alias -p
	o/p alias z='ls -ltr'

# Zip/Unzip  --- compress/uncompress a file in Linux
	RajUbuntu@Ubunut:~/RamanRajLearnUbuntu$ gzip -k test.csv   // will create another file BUT ZIPPED
	o/p  ---
	-rw-rw-rw- 1 RajUbuntu RajUbuntu  195220 Mar  7 09:07 test.csv.gz   // compressed csv created with gz extesion


# To undo the zipped file (or unzip the file)  - two ways
	i. RajUbuntu@Ubunut:~/RamanRajLearnUbuntu$ gzip -d test.csv.gz
	ii. RajUbuntu@Ubunut:~/RamanRajLearnUbuntu$ gunzip test.csv.gz


# How to compress/zip a folder in Linux
	tar -czf <newdirectoryname_with_extension> <old_drectory_name>/
		RajUbuntu@Ubunut:~/RamanRajLearnUbuntu$ tar -czf compress.tar.gz new_directory/
		RajUbuntu@Ubunut:~/RamanRajLearnUbuntu$ tar -czf comressdir.tar.gz new_directory/

# to Unzip dir/ decompress dir	
	RajUbuntu@Ubunut:~/RamanRajLearnUbuntu$ tar -xzf compress.tar.gz
	

------------------------- Date: 16/04/25 ----------------------------------------------------
# To compress two files into one --- means zipped into one folder
	RajUbuntu@Ubunut:~/RamanRajLearnUbuntu$ zip mycollectivezippedfile.zip xaa xab
		zip <new-zipped-filename> file1 file2 file3 ...
# move file from one dir to another
		RajUbuntu@Ubunut:~/RamanRajLearnUbuntu$ mv mycollectivezippedfile.zip archive/
		mv <file-name> <directory-name-where-to-move>
# To uncompress/unzip a zipped file
	RajUbuntu@Ubunut:~/RamanRajLearnUbuntu/archive$ unzip mycollectivezippedfile.zip

# To check How many files there inside ziped file
		RajUbuntu@Ubunut:~/RamanRajLearnUbuntu/archive$ unzip -l mycollectivezippedfile.zip 

Date: 19/04/25
# How to download file from internet***
	wget https://www.python.org/downloads/release/python-3133
	wget <paste download url>

# How to call api in Linux/terminal  ---------- IMP
	curl <api url>
	RajUbuntu@Ubunut:~/RamanRajLearnUbuntu$ curl https://jsonplaceholder.typicode.com/posts
	RajUbuntu@Ubunut:~/RamanRajLearnUbuntu$ curl http://numberapi.com/random

# How to install an application in Linux
	apt or yum/dnf
	apt(Ubunut)
	yum/dnf(Linux, fedorra, centos)

























